Creating an optimized production build...
Compiled successfully.

File sizes after gzip:

  267.07 kB (+156 B)  build/static/js/main.da051dea.js
  25.26 kB            build/static/css/main.f1418c56.css

The project was built assuming it is hosted at /.
You can control this with the homepage field in your package.json.

The build folder is ready to be deployed.
You may serve it with a static server:

  npm install -g serve
  serve -s build

Find out more about deployment here:

  https://cra.link/deployment

Generated server-readable metadata for 42 routes and the 404 page.
Prerendered 42 routes plus the static 404 page.
Verified prerendered markup and JSON-LD for 42 routes.
Localized 30 pages: es
Localized 30 pages: pt-br
Localized 30 pages: de
Localized 30 pages: fr
Localized 30 pages: ar
Localized 30 pages: hi
Localized 30 pages: zh-cn
Localized 30 pages: ja
International publishing: 240 pages; 2139 unique source strings.
Verified Español: 30 full pages.
Verified Português (Brasil): 30 full pages.
Verified Deutsch: 30 full pages.
Verified Français: 30 full pages.
Verified العربية: 30 full pages.
Verified हिन्दी: 30 full pages.
Verified 简体中文: 30 full pages.
Verified 日本語: 30 full pages.
International SEO/AEO verification passed: 240 pages, 8 languages; content parity, code, assets, links, schema, canonical, hreflang, RTL and sitemap.
